
> Configure project :
Fabric Loom: 1.15.5

> Task :compileJava FAILED
.\gradlew : E:\Coding\Projects\EchoCraft3\src\main\java\io\github\kuscheltiermafia\events\ClaimProtectionHandler.java:36: Fehler: Klasse ClaimProtectionInteractionHandler ist ├Âffentlich und muss in einer Datei namens ClaimProtectionInteractionHandler.java deklariert werden
In Zeile:1 Zeichen:1
+ .\gradlew compileJava --console=plain > errors.txt 2>&1; Get-Content  ...
+ ~~~~~~~~~~~~~~~~~~~~~~~~~~~~~~~~~~~~~~~~~~~~~~~~~~~~~~~
    + CategoryInfo          : NotSpecified: (E:\Coding\Proje...klariert werden:String) [], RemoteException
    + FullyQualifiedErrorId : NativeCommandError
 
public class ClaimProtectionInteractionHandler {
       ^
E:\Coding\Projects\EchoCraft3\src\main\java\io\github\kuscheltiermafia\events\DamageShieldHandler.java:18: Fehler: Klasse DamageShieldInteractionHandler ist ├Âffentlich und muss in einer Datei namens DamageShieldInteractionHandler.java deklariert werden
public class DamageShieldInteractionHandler {
       ^
E:\Coding\Projects\EchoCraft3\src\main\java\io\github\kuscheltiermafia\claims\ClaimManager.java:8: Fehler: Symbol nicht gefunden
import net.minecraft.world.level.saveddata.SavedDataManager;
                                          ^
  Symbol: Klasse SavedDataManager
  Ort: Package net.minecraft.world.level.saveddata
E:\Coding\Projects\EchoCraft3\src\main\java\io\github\kuscheltiermafia\claims\ClaimManager.java:121: Fehler: Symbol nicht gefunden
    private static final SavedData.Type<ClaimManager> TYPE = new SavedData.Type<>(
                                  ^
  Symbol: Klasse Type
  Ort: Klasse SavedData
E:\Coding\Projects\EchoCraft3\src\main\java\io\github\kuscheltiermafia\commands\TeamCommand.java:19: Fehler: Symbol nicht gefunden
    public static void register(CommandDispatcher<CommandSourceStack> dispatcher,
                                                  ^
  Symbol: Klasse CommandSourceStack
  Ort: Klasse TeamCommand
E:\Coding\Projects\EchoCraft3\src\main\java\io\github\kuscheltiermafia\commands\TeamCommand.java:20: Fehler: Symbol nicht gefunden
                                CommandBuildContext registryAccess) {
                                ^
  Symbol: Klasse CommandBuildContext
  Ort: Klasse TeamCommand
E:\Coding\Projects\EchoCraft3\src\main\java\io\github\kuscheltiermafia\commands\TeamCommand.java:50: Fehler: Symbol nicht gefunden
    private static int create(CommandSourceStack source, String teamName) throws com.mojang.brigadier.exceptions.CommandSyntaxException {
                              ^
  Symbol: Klasse CommandSourceStack
  Ort: Klasse TeamCommand
E:\Coding\Projects\EchoCraft3\src\main\java\io\github\kuscheltiermafia\commands\TeamCommand.java:63: Fehler: Symbol nicht gefunden
    private static int invite(CommandSourceStack source, String targetName, String teamName) throws com.mojang.brigadier.exceptions.CommandSyntaxException {
                              ^
  Symbol: Klasse CommandSourceStack
  Ort: Klasse TeamCommand
E:\Coding\Projects\EchoCraft3\src\main\java\io\github\kuscheltiermafia\commands\TeamCommand.java:96: Fehler: Symbol nicht gefunden
    private static int accept(CommandSourceStack source, String teamName) throws com.mojang.brigadier.exceptions.CommandSyntaxException {
                              ^
  Symbol: Klasse CommandSourceStack
  Ort: Klasse TeamCommand
E:\Coding\Projects\EchoCraft3\src\main\java\io\github\kuscheltiermafia\commands\TeamCommand.java:116: Fehler: Symbol nicht gefunden
    private static int leave(CommandSourceStack source, String teamName) throws com.mojang.brigadier.exceptions.CommandSyntaxException {
                             ^
  Symbol: Klasse CommandSourceStack
  Ort: Klasse TeamCommand
E:\Coding\Projects\EchoCraft3\src\main\java\io\github\kuscheltiermafia\commands\TeamCommand.java:141: Fehler: Symbol nicht gefunden
    private static int members(CommandSourceStack source, String teamName) {
                               ^
  Symbol: Klasse CommandSourceStack
  Ort: Klasse TeamCommand
E:\Coding\Projects\EchoCraft3\src\main\java\io\github\kuscheltiermafia\commands\TeamCommand.java:161: Fehler: Symbol nicht gefunden
    private static String resolvePlayerName(CommandSourceStack source, UUID uuid) {
                                            ^
  Symbol: Klasse CommandSourceStack
  Ort: Klasse TeamCommand
E:\Coding\Projects\EchoCraft3\src\main\java\io\github\kuscheltiermafia\events\ClaimProtectionHandler.java:20: Fehler: Symbol nicht gefunden
import net.minecraft.world.InteractionInteractionHand;
                          ^
  Symbol: Klasse InteractionInteractionHand
  Ort: Package net.minecraft.world
E:\Coding\Projects\EchoCraft3\src\main\java\io\github\kuscheltiermafia\items\ClaimBannerItem.java:12: Fehler: Symbol nicht gefunden
    public ClaimBannerItem(Settings settings) {
                           ^
  Symbol: Klasse Settings
  Ort: Klasse ClaimBannerItem
E:\Coding\Projects\EchoCraft3\src\main\java\io\github\kuscheltiermafia\registry\ModItems.java:10: Fehler: Symbol nicht gefunden
import net.minecraft.resources.ResourceLocation;
                              ^
  Symbol: Klasse ResourceLocation
  Ort: Package net.minecraft.resources
E:\Coding\Projects\EchoCraft3\src\main\java\io\github\kuscheltiermafia\teams\TeamManager.java:10: Fehler: Symbol nicht gefunden
import net.minecraft.world.level.saveddata.SavedDataManager;
                                          ^
  Symbol: Klasse SavedDataManager
  Ort: Package net.minecraft.world.level.saveddata
E:\Coding\Projects\EchoCraft3\src\main\java\io\github\kuscheltiermafia\teams\TeamManager.java:134: Fehler: Symbol nicht gefunden
    private static final SavedData.Type<TeamManager> TYPE = new SavedData.Type<>(
                                  ^
  Symbol: Klasse Type
  Ort: Klasse SavedData
E:\Coding\Projects\EchoCraft3\src\main\java\io\github\kuscheltiermafia\claims\ClaimManager.java:76: Fehler: Methode ├╝berschreibt oder implementiert keine Methode aus einem Supertyp
    @Override
    ^
E:\Coding\Projects\EchoCraft3\src\main\java\io\github\kuscheltiermafia\claims\ClaimManager.java:82: Fehler: Symbol nicht gefunden
            c.putUuid("OwnerUuid", d.getOwnerUuid());
             ^
  Symbol: Methode putUuid(String,UUID)
  Ort: Variable c von Typ CompoundTag
E:\Coding\Projects\EchoCraft3\src\main\java\io\github\kuscheltiermafia\claims\ClaimManager.java:99: Fehler: Inkompatible Typen: Optional<CompoundTag> kann nicht in CompoundTag konvertiert werden
        CompoundTag claimsNbt = nbt.getCompound("Claims");
                                               ^
E:\Coding\Projects\EchoCraft3\src\main\java\io\github\kuscheltiermafia\claims\ClaimManager.java:100: Fehler: Symbol nicht gefunden
        for (String key : claimsNbt.getKeys()) {
                                   ^
  Symbol: Methode getKeys()
  Ort: Variable claimsNbt von Typ CompoundTag
E:\Coding\Projects\EchoCraft3\src\main\java\io\github\kuscheltiermafia\claims\ClaimManager.java:101: Fehler: Inkompatible Typen: Optional<CompoundTag> kann nicht in CompoundTag konvertiert werden
            CompoundTag c = claimsNbt.getCompound(key);
                                                 ^
E:\Coding\Projects\EchoCraft3\src\main\java\io\github\kuscheltiermafia\claims\ClaimManager.java:102: Fehler: Symbol nicht gefunden
            UUID ownerUuid = c.getUuid("OwnerUuid");
                              ^
  Symbol: Methode getUuid(String)
  Ort: Variable c von Typ CompoundTag
E:\Coding\Projects\EchoCraft3\src\main\java\io\github\kuscheltiermafia\claims\ClaimManager.java:103: Fehler: Inkompatible Typen: Optional<String> kann nicht in String konvertiert werden
            String ownerName = c.getString("OwnerName");
                                          ^
E:\Coding\Projects\EchoCraft3\src\main\java\io\github\kuscheltiermafia\claims\ClaimManager.java:104: Fehler: Inkompatible Typen: Optional<String> kann nicht in String konvertiert werden
            String dimensionId = c.getString("DimensionId");
                                            ^
E:\Coding\Projects\EchoCraft3\src\main\java\io\github\kuscheltiermafia\claims\ClaimManager.java:105: Fehler: Inkompatible Typen: Optional<Integer> kann nicht in int konvertiert werden
            int bannerX = c.getInt("BannerX");
                                  ^
E:\Coding\Projects\EchoCraft3\src\main\java\io\github\kuscheltiermafia\claims\ClaimManager.java:106: Fehler: Inkompatible Typen: Optional<Integer> kann nicht in int konvertiert werden
            int bannerY = c.getInt("BannerY");
                                  ^
E:\Coding\Projects\EchoCraft3\src\main\java\io\github\kuscheltiermafia\claims\ClaimManager.java:107: Fehler: Inkompatible Typen: Optional<Integer> kann nicht in int konvertiert werden
            int bannerZ = c.getInt("BannerZ");
                                  ^
E:\Coding\Projects\EchoCraft3\src\main\java\io\github\kuscheltiermafia\claims\ClaimManager.java:110: Fehler: Inkompatible Typen: Optional<String> kann nicht in String konvertiert werden
                data.setTeamName(c.getString("TeamName"));
                                            ^
E:\Coding\Projects\EchoCraft3\src\main\java\io\github\kuscheltiermafia\claims\ClaimManager.java:121: Fehler: Symbol nicht gefunden
    private static final SavedData.Type<ClaimManager> TYPE = new SavedData.Type<>(
                                                                          ^
  Symbol: Klasse Type
  Ort: Klasse SavedData
E:\Coding\Projects\EchoCraft3\src\main\java\io\github\kuscheltiermafia\claims\ClaimManager.java:129: Fehler: Symbol nicht gefunden
        SavedDataManager stateManager = world.getSavedDataManager();
        ^
  Symbol: Klasse SavedDataManager
  Ort: Klasse ClaimManager
E:\Coding\Projects\EchoCraft3\src\main\java\io\github\kuscheltiermafia\claims\ClaimManager.java:129: Fehler: Symbol nicht gefunden
        SavedDataManager stateManager = world.getSavedDataManager();
                                             ^
  Symbol: Methode getSavedDataManager()
  Ort: Variable world von Typ ServerLevel
E:\Coding\Projects\EchoCraft3\src\main\java\io\github\kuscheltiermafia\commands\ClaimCommand.java:42: Fehler: Symbol nicht gefunden
        ServerPlayer player = source.getPlayerOrThrow();
                                    ^
  Symbol: Methode getPlayerOrThrow()
  Ort: Variable source von Typ CommandSourceStack
E:\Coding\Projects\EchoCraft3\src\main\java\io\github\kuscheltiermafia\commands\ClaimCommand.java:43: Fehler: Symbol nicht gefunden
        ServerLevel world = player.getServerLevel();
                                  ^
  Symbol: Methode getServerLevel()
  Ort: Variable player von Typ ServerPlayer
E:\Coding\Projects\EchoCraft3\src\main\java\io\github\kuscheltiermafia\commands\ClaimCommand.java:44: Fehler: Symbol nicht gefunden
        ChunkPos chunkPos = new ChunkPos(player.getBlockPos());
                                               ^
  Symbol: Methode getBlockPos()
  Ort: Variable player von Typ ServerPlayer
E:\Coding\Projects\EchoCraft3\src\main\java\io\github\kuscheltiermafia\commands\ClaimCommand.java:45: Fehler: Symbol nicht gefunden
        String dimId = world.getRegistryKey().getValue().toString();
                            ^
  Symbol: Methode getRegistryKey()
  Ort: Variable world von Typ ServerLevel
E:\Coding\Projects\EchoCraft3\src\main\java\io\github\kuscheltiermafia\commands\ClaimCommand.java:48: Fehler: x hat private-Zugriff in ChunkPos
        ClaimData claim = claims.getClaim(dimId, chunkPos.x, chunkPos.z);
                                                         ^
E:\Coding\Projects\EchoCraft3\src\main\java\io\github\kuscheltiermafia\commands\ClaimCommand.java:48: Fehler: z hat private-Zugriff in ChunkPos
        ClaimData claim = claims.getClaim(dimId, chunkPos.x, chunkPos.z);
                                                                     ^
E:\Coding\Projects\EchoCraft3\src\main\java\io\github\kuscheltiermafia\commands\ClaimCommand.java:51: Fehler: Symbol nicht gefunden
            source.sendFeedback(() -> Component.literal("┬ºaThis chunk is ┬ºeunclaimed┬ºa."), false);
                  ^
  Symbol: Methode sendFeedback(()->Compon[...]7a."),boolean)
  Ort: Variable source von Typ CommandSourceStack
E:\Coding\Projects\EchoCraft3\src\main\java\io\github\kuscheltiermafia\commands\ClaimCommand.java:55: Fehler: Symbol nicht gefunden
        source.sendFeedback(() -> Component.literal("┬º6=== Claim Info ==="), false);
              ^
  Symbol: Methode sendFeedback(()->Compon[...]==="),boolean)
  Ort: Variable source von Typ CommandSourceStack
E:\Coding\Projects\EchoCraft3\src\main\java\io\github\kuscheltiermafia\commands\ClaimCommand.java:56: Fehler: Symbol nicht gefunden
        source.sendFeedback(() -> Component.literal("┬ºeChunk: ┬ºf" + chunkPos.x + ", " + chunkPos.z), false);
              ^
  Symbol: Methode sendFeedback(()->Compon[...]os.z),boolean)
  Ort: Variable source von Typ CommandSourceStack
E:\Coding\Projects\EchoCraft3\src\main\java\io\github\kuscheltiermafia\commands\ClaimCommand.java:56: Fehler: x hat private-Zugriff in ChunkPos
        source.sendFeedback(() -> Component.literal("┬ºeChunk: ┬ºf" + chunkPos.x + ", " + chunkPos.z), false);
                                                                            ^
E:\Coding\Projects\EchoCraft3\src\main\java\io\github\kuscheltiermafia\commands\ClaimCommand.java:56: Fehler: z hat private-Zugriff in ChunkPos
        source.sendFeedback(() -> Component.literal("┬ºeChunk: ┬ºf" + chunkPos.x + ", " + chunkPos.z), false);
                                                                                                ^
E:\Coding\Projects\EchoCraft3\src\main\java\io\github\kuscheltiermafia\commands\ClaimCommand.java:57: Fehler: Symbol nicht gefunden
        source.sendFeedback(() -> Component.literal("┬ºeDimension: ┬ºf" + dimId), false);
              ^
  Symbol: Methode sendFeedback(()->Compon[...]imId),boolean)
  Ort: Variable source von Typ CommandSourceStack
E:\Coding\Projects\EchoCraft3\src\main\java\io\github\kuscheltiermafia\commands\ClaimCommand.java:58: Fehler: Symbol nicht gefunden
        source.sendFeedback(() -> Component.literal("┬ºeOwner: ┬ºf" + claim.getOwnerName()), false);
              ^
  Symbol: Methode sendFeedback(()->Compon[...]me()),boolean)
  Ort: Variable source von Typ CommandSourceStack
E:\Coding\Projects\EchoCraft3\src\main\java\io\github\kuscheltiermafia\commands\ClaimCommand.java:59: Fehler: Symbol nicht gefunden
        source.sendFeedback(() -> Component.literal("┬ºeTeam: ┬ºf"
              ^
  Symbol: Methode sendFeedback(()->Compon[...]ne")),boolean)
  Ort: Variable source von Typ CommandSourceStack
E:\Coding\Projects\EchoCraft3\src\main\java\io\github\kuscheltiermafia\commands\ClaimCommand.java:61: Fehler: Symbol nicht gefunden
        source.sendFeedback(() -> Component.literal("┬ºeBanner: ┬ºf"
              ^
  Symbol: Methode sendFeedback(()->Compon[...]rZ()),boolean)
  Ort: Variable source von Typ CommandSourceStack
E:\Coding\Projects\EchoCraft3\src\main\java\io\github\kuscheltiermafia\commands\ClaimCommand.java:67: Fehler: Symbol nicht gefunden
        ServerPlayer player = source.getPlayerOrThrow();
                                    ^
  Symbol: Methode getPlayerOrThrow()
  Ort: Variable source von Typ CommandSourceStack
E:\Coding\Projects\EchoCraft3\src\main\java\io\github\kuscheltiermafia\commands\ClaimCommand.java:68: Fehler: Symbol nicht gefunden
        ServerLevel world = player.getServerLevel();
                                  ^
  Symbol: Methode getServerLevel()
  Ort: Variable player von Typ ServerPlayer
E:\Coding\Projects\EchoCraft3\src\main\java\io\github\kuscheltiermafia\commands\ClaimCommand.java:69: Fehler: Symbol nicht gefunden
        ChunkPos chunkPos = new ChunkPos(player.getBlockPos());
                                               ^
  Symbol: Methode getBlockPos()
  Ort: Variable player von Typ ServerPlayer
E:\Coding\Projects\EchoCraft3\src\main\java\io\github\kuscheltiermafia\commands\ClaimCommand.java:70: Fehler: Symbol nicht gefunden
        String dimId = world.getRegistryKey().getValue().toString();
                            ^
  Symbol: Methode getRegistryKey()
  Ort: Variable world von Typ ServerLevel
E:\Coding\Projects\EchoCraft3\src\main\java\io\github\kuscheltiermafia\commands\ClaimCommand.java:73: Fehler: x hat private-Zugriff in ChunkPos
        ClaimData claim = claims.getClaim(dimId, chunkPos.x, chunkPos.z);
                                                         ^
E:\Coding\Projects\EchoCraft3\src\main\java\io\github\kuscheltiermafia\commands\ClaimCommand.java:73: Fehler: z hat private-Zugriff in ChunkPos
        ClaimData claim = claims.getClaim(dimId, chunkPos.x, chunkPos.z);
                                                                     ^
E:\Coding\Projects\EchoCraft3\src\main\java\io\github\kuscheltiermafia\commands\ClaimCommand.java:76: Fehler: Symbol nicht gefunden
            source.sendFeedback(() -> Component.literal("┬ºcThis chunk is not claimed."), false);
                  ^
  Symbol: Methode sendFeedback(()->Compon[...]ed."),boolean)
  Ort: Variable source von Typ CommandSourceStack
E:\Coding\Projects\EchoCraft3\src\main\java\io\github\kuscheltiermafia\commands\ClaimCommand.java:79: Fehler: Symbol nicht gefunden
        if (!claim.getOwnerUuid().equals(player.getUuid()) && !source.hasPermissionLevel(2)) {
                                               ^
  Symbol: Methode getUuid()
  Ort: Variable player von Typ ServerPlayer
E:\Coding\Projects\EchoCraft3\src\main\java\io\github\kuscheltiermafia\commands\ClaimCommand.java:79: Fehler: Symbol nicht gefunden
        if (!claim.getOwnerUuid().equals(player.getUuid()) && !source.hasPermissionLevel(2)) {
                                                                     ^
  Symbol: Methode hasPermissionLevel(int)
  Ort: Variable source von Typ CommandSourceStack
E:\Coding\Projects\EchoCraft3\src\main\java\io\github\kuscheltiermafia\commands\ClaimCommand.java:80: Fehler: Symbol nicht gefunden
            source.sendFeedback(() -> Component.literal("┬ºcYou do not own this claim."), false);
                  ^
  Symbol: Methode sendFeedback(()->Compon[...]im."),boolean)
  Ort: Variable source von Typ CommandSourceStack
E:\Coding\Projects\EchoCraft3\src\main\java\io\github\kuscheltiermafia\commands\ClaimCommand.java:87: Fehler: Symbol nicht gefunden
            source.sendFeedback(() -> Component.literal("┬ºcTeam ┬ºe" + teamName + " ┬ºcdoes not exist."), false);
                  ^
  Symbol: Methode sendFeedback(()->Compon[...]st."),boolean)
  Ort: Variable source von Typ CommandSourceStack
E:\Coding\Projects\EchoCraft3\src\main\java\io\github\kuscheltiermafia\commands\ClaimCommand.java:90: Fehler: Symbol nicht gefunden
        if (!team.isMember(player.getUuid()) && !source.hasPermissionLevel(2)) {
                                 ^
  Symbol: Methode getUuid()
  Ort: Variable player von Typ ServerPlayer
E:\Coding\Projects\EchoCraft3\src\main\java\io\github\kuscheltiermafia\commands\ClaimCommand.java:90: Fehler: Symbol nicht gefunden
        if (!team.isMember(player.getUuid()) && !source.hasPermissionLevel(2)) {
                                                       ^
  Symbol: Methode hasPermissionLevel(int)
  Ort: Variable source von Typ CommandSourceStack
E:\Coding\Projects\EchoCraft3\src\main\java\io\github\kuscheltiermafia\commands\ClaimCommand.java:91: Fehler: Symbol nicht gefunden
            source.sendFeedback(() -> Component.literal("┬ºcYou are not a member of team ┬ºe" + teamName + "┬ºc."), false);
                  ^
  Symbol: Methode sendFeedback(()->Compon[...]7c."),boolean)
  Ort: Variable source von Typ CommandSourceStack
E:\Coding\Projects\EchoCraft3\src\main\java\io\github\kuscheltiermafia\commands\ClaimCommand.java:95: Fehler: x hat private-Zugriff in ChunkPos
        claims.setTeam(dimId, chunkPos.x, chunkPos.z, team.getName());
                                      ^
E:\Coding\Projects\EchoCraft3\src\main\java\io\github\kuscheltiermafia\commands\ClaimCommand.java:95: Fehler: z hat private-Zugriff in ChunkPos
        claims.setTeam(dimId, chunkPos.x, chunkPos.z, team.getName());
                                                  ^
E:\Coding\Projects\EchoCraft3\src\main\java\io\github\kuscheltiermafia\commands\ClaimCommand.java:96: Fehler: Symbol nicht gefunden
        source.sendFeedback(() -> Component.literal("┬ºaClaim linked to team ┬ºe" + team.getName() + "┬ºa."), false);
              ^
  Symbol: Methode sendFeedback(()->Compon[...]7a."),boolean)
  Ort: Variable source von Typ CommandSourceStack
E:\Coding\Projects\EchoCraft3\src\main\java\io\github\kuscheltiermafia\commands\ClaimCommand.java:101: Fehler: Symbol nicht gefunden
        ServerPlayer player = source.getPlayerOrThrow();
                                    ^
  Symbol: Methode getPlayerOrThrow()
  Ort: Variable source von Typ CommandSourceStack
E:\Coding\Projects\EchoCraft3\src\main\java\io\github\kuscheltiermafia\commands\ClaimCommand.java:102: Fehler: Symbol nicht gefunden
        ServerLevel world = player.getServerLevel();
                                  ^
  Symbol: Methode getServerLevel()
  Ort: Variable player von Typ ServerPlayer
E:\Coding\Projects\EchoCraft3\src\main\java\io\github\kuscheltiermafia\commands\ClaimCommand.java:103: Fehler: Symbol nicht gefunden
        ChunkPos chunkPos = new ChunkPos(player.getBlockPos());
                                               ^
  Symbol: Methode getBlockPos()
  Ort: Variable player von Typ ServerPlayer
E:\Coding\Projects\EchoCraft3\src\main\java\io\github\kuscheltiermafia\commands\ClaimCommand.java:104: Fehler: Symbol nicht gefunden
        String dimId = world.getRegistryKey().getValue().toString();
                            ^
  Symbol: Methode getRegistryKey()
  Ort: Variable world von Typ ServerLevel
E:\Coding\Projects\EchoCraft3\src\main\java\io\github\kuscheltiermafia\commands\ClaimCommand.java:107: Fehler: x hat private-Zugriff in ChunkPos
        ClaimData claim = claims.getClaim(dimId, chunkPos.x, chunkPos.z);
                                                         ^
E:\Coding\Projects\EchoCraft3\src\main\java\io\github\kuscheltiermafia\commands\ClaimCommand.java:107: Fehler: z hat private-Zugriff in ChunkPos
        ClaimData claim = claims.getClaim(dimId, chunkPos.x, chunkPos.z);
                                                                     ^
E:\Coding\Projects\EchoCraft3\src\main\java\io\github\kuscheltiermafia\commands\ClaimCommand.java:110: Fehler: Symbol nicht gefunden
            source.sendFeedback(() -> Component.literal("┬ºcThis chunk is not claimed."), false);
                  ^
  Symbol: Methode sendFeedback(()->Compon[...]ed."),boolean)
  Ort: Variable source von Typ CommandSourceStack
E:\Coding\Projects\EchoCraft3\src\main\java\io\github\kuscheltiermafia\commands\ClaimCommand.java:113: Fehler: Symbol nicht gefunden
        if (!claim.getOwnerUuid().equals(player.getUuid()) && !source.hasPermissionLevel(2)) {
                                               ^
  Symbol: Methode getUuid()
  Ort: Variable player von Typ ServerPlayer
E:\Coding\Projects\EchoCraft3\src\main\java\io\github\kuscheltiermafia\commands\ClaimCommand.java:113: Fehler: Symbol nicht gefunden
        if (!claim.getOwnerUuid().equals(player.getUuid()) && !source.hasPermissionLevel(2)) {
                                                                     ^
  Symbol: Methode hasPermissionLevel(int)
  Ort: Variable source von Typ CommandSourceStack
E:\Coding\Projects\EchoCraft3\src\main\java\io\github\kuscheltiermafia\commands\ClaimCommand.java:114: Fehler: Symbol nicht gefunden
            source.sendFeedback(() -> Component.literal("┬ºcYou do not own this claim."), false);
                  ^
  Symbol: Methode sendFeedback(()->Compon[...]im."),boolean)
  Ort: Variable source von Typ CommandSourceStack
E:\Coding\Projects\EchoCraft3\src\main\java\io\github\kuscheltiermafia\commands\ClaimCommand.java:118: Fehler: x hat private-Zugriff in ChunkPos
        claims.removeClaim(dimId, chunkPos.x, chunkPos.z);
                                          ^
E:\Coding\Projects\EchoCraft3\src\main\java\io\github\kuscheltiermafia\commands\ClaimCommand.java:118: Fehler: z hat private-Zugriff in ChunkPos
        claims.removeClaim(dimId, chunkPos.x, chunkPos.z);
                                                      ^
E:\Coding\Projects\EchoCraft3\src\main\java\io\github\kuscheltiermafia\commands\ClaimCommand.java:119: Fehler: Symbol nicht gefunden
        source.sendFeedback(() -> Component.literal("┬º6Claim removed."), false);
              ^
  Symbol: Methode sendFeedback(()->Compon[...]ed."),boolean)
  Ort: Variable source von Typ CommandSourceStack
E:\Coding\Projects\EchoCraft3\src\main\java\io\github\kuscheltiermafia\commands\TeamCommand.java:22: Fehler: Symbol nicht gefunden
                Commands.literal("team")
                ^
  Symbol: Variable Commands
  Ort: Klasse TeamCommand
E:\Coding\Projects\EchoCraft3\src\main\java\io\github\kuscheltiermafia\commands\TeamCommand.java:23: Fehler: Symbol nicht gefunden
                        .then(Commands.literal("create")
                              ^
  Symbol: Variable Commands
  Ort: Klasse TeamCommand
E:\Coding\Projects\EchoCraft3\src\main\java\io\github\kuscheltiermafia\commands\TeamCommand.java:24: Fehler: Symbol nicht gefunden
                                .then(Commands.argument("teamname", StringArgumentType.word())
                                      ^
  Symbol: Variable Commands
  Ort: Klasse TeamCommand
E:\Coding\Projects\EchoCraft3\src\main\java\io\github\kuscheltiermafia\commands\TeamCommand.java:27: Fehler: Symbol nicht gefunden
                        .then(Commands.literal("invite")
                              ^
  Symbol: Variable Commands
  Ort: Klasse TeamCommand
E:\Coding\Projects\EchoCraft3\src\main\java\io\github\kuscheltiermafia\commands\TeamCommand.java:28: Fehler: Symbol nicht gefunden
                                .then(Commands.argument("player", StringArgumentType.word())
                                      ^
  Symbol: Variable Commands
  Ort: Klasse TeamCommand
E:\Coding\Projects\EchoCraft3\src\main\java\io\github\kuscheltiermafia\commands\TeamCommand.java:29: Fehler: Symbol nicht gefunden
                                        .then(Commands.argument("teamname", StringArgumentType.word())
                                              ^
  Symbol: Variable Commands
  Ort: Klasse TeamCommand
E:\Coding\Projects\EchoCraft3\src\main\java\io\github\kuscheltiermafia\commands\TeamCommand.java:33: Fehler: Symbol nicht gefunden

[Incubating] Problems report is available at: file:///E:/Coding/Projects/EchoCraft3/build/reports/problems/problems-report.html
1 actionable task: 1 executed
                        .then(Commands.literal("accept")
                              ^
  Symbol: Variable Commands
  Ort: Klasse TeamCommand
E:\Coding\Projects\EchoCraft3\src\main\java\io\github\kuscheltiermafia\commands\TeamCommand.java:34: Fehler: Symbol nicht gefunden
                                .then(Commands.argument("teamname", StringArgumentType.word())
                                      ^
  Symbol: Variable Commands
  Ort: Klasse TeamCommand
E:\Coding\Projects\EchoCraft3\src\main\java\io\github\kuscheltiermafia\commands\TeamCommand.java:37: Fehler: Symbol nicht gefunden
                        .then(Commands.literal("leave")
                              ^
  Symbol: Variable Commands
  Ort: Klasse TeamCommand
E:\Coding\Projects\EchoCraft3\src\main\java\io\github\kuscheltiermafia\commands\TeamCommand.java:38: Fehler: Symbol nicht gefunden
                                .then(Commands.argument("teamname", StringArgumentType.word())
                                      ^
  Symbol: Variable Commands
  Ort: Klasse TeamCommand
E:\Coding\Projects\EchoCraft3\src\main\java\io\github\kuscheltiermafia\commands\TeamCommand.java:41: Fehler: Symbol nicht gefunden
                        .then(Commands.literal("members")
                              ^
  Symbol: Variable Commands
  Ort: Klasse TeamCommand
E:\Coding\Projects\EchoCraft3\src\main\java\io\github\kuscheltiermafia\commands\TeamCommand.java:42: Fehler: Symbol nicht gefunden
                                .then(Commands.argument("teamname", StringArgumentType.word())
                                      ^
  Symbol: Variable Commands
  Ort: Klasse TeamCommand
E:\Coding\Projects\EchoCraft3\src\main\java\io\github\kuscheltiermafia\commands\TeamCommand.java:51: Fehler: Symbol nicht gefunden
        ServerPlayer player = source.getPlayerOrThrow();
        ^
  Symbol: Klasse ServerPlayer
  Ort: Klasse TeamCommand
E:\Coding\Projects\EchoCraft3\src\main\java\io\github\kuscheltiermafia\commands\TeamCommand.java:55: Fehler: Symbol nicht gefunden
            source.sendFeedback(() -> Component.literal("┬ºcA team named ┬ºe" + teamName + " ┬ºcalready exists."), false);
                                      ^
  Symbol: Variable Component
  Ort: Klasse TeamCommand
E:\Coding\Projects\EchoCraft3\src\main\java\io\github\kuscheltiermafia\commands\TeamCommand.java:59: Fehler: Symbol nicht gefunden
        source.sendFeedback(() -> Component.literal("┬ºaTeam ┬ºe" + teamName + " ┬ºacreated!"), false);
                                  ^
  Symbol: Variable Component
  Ort: Klasse TeamCommand
E:\Coding\Projects\EchoCraft3\src\main\java\io\github\kuscheltiermafia\commands\TeamCommand.java:64: Fehler: Symbol nicht gefunden
        ServerPlayer player = source.getPlayerOrThrow();
        ^
  Symbol: Klasse ServerPlayer
  Ort: Klasse TeamCommand
E:\Coding\Projects\EchoCraft3\src\main\java\io\github\kuscheltiermafia\commands\TeamCommand.java:69: Fehler: Symbol nicht gefunden
            source.sendFeedback(() -> Component.literal("┬ºcTeam ┬ºe" + teamName + " ┬ºcdoes not exist."), false);
                                      ^
  Symbol: Variable Component
  Ort: Klasse TeamCommand
E:\Coding\Projects\EchoCraft3\src\main\java\io\github\kuscheltiermafia\commands\TeamCommand.java:73: Fehler: Symbol nicht gefunden
            source.sendFeedback(() -> Component.literal("┬ºcYou are not the leader of ┬ºe" + teamName + "┬ºc."), false);
                                      ^
  Symbol: Variable Component
  Ort: Klasse TeamCommand
E:\Coding\Projects\EchoCraft3\src\main\java\io\github\kuscheltiermafia\commands\TeamCommand.java:77: Fehler: Symbol nicht gefunden
        ServerPlayer target = source.getServer().getPlayerManager().getPlayer(targetName);
        ^
  Symbol: Klasse ServerPlayer
  Ort: Klasse TeamCommand
E:\Coding\Projects\EchoCraft3\src\main\java\io\github\kuscheltiermafia\commands\TeamCommand.java:79: Fehler: Symbol nicht gefunden
            source.sendFeedback(() -> Component.literal("┬ºcPlayer ┬ºe" + targetName + " ┬ºcis not online."), false);
                                      ^
  Symbol: Variable Component
  Ort: Klasse TeamCommand
E:\Coding\Projects\EchoCraft3\src\main\java\io\github\kuscheltiermafia\commands\TeamCommand.java:83: Fehler: Symbol nicht gefunden
            source.sendFeedback(() -> Component.literal("┬ºe" + targetName + " ┬ºcis already in the team."), false);
                                      ^
  Symbol: Variable Component
  Ort: Klasse TeamCommand
E:\Coding\Projects\EchoCraft3\src\main\java\io\github\kuscheltiermafia\commands\TeamCommand.java:90: Fehler: Symbol nicht gefunden
        target.sendMessage(Component.literal("┬º6You have been invited to team ┬ºe" + team.getName()
                           ^
  Symbol: Variable Component
  Ort: Klasse TeamCommand
E:\Coding\Projects\EchoCraft3\src\main\java\io\github\kuscheltiermafia\commands\TeamCommand.java:92: Fehler: Symbol nicht gefunden
        source.sendFeedback(() -> Component.literal("┬ºaInvited ┬ºe" + targetName + " ┬ºato ┬ºe" + team.getName() + "┬ºa."), false);
                                  ^
  Symbol: Variable Component
  Ort: Klasse TeamCommand
Hinweis: Einige Meldungen wurden vereinfacht. Wiederholen Sie die Kompilierung mit -Xdiags:verbose, um die vollst├ñndige Ausgabe abzurufen
100 Fehler

FAILURE: Build failed with an exception.

* What went wrong:
Execution failed for task ':compileJava'.
> Compilation failed; see the compiler output below.
  E:\Coding\Projects\EchoCraft3\src\main\java\io\github\kuscheltiermafia\events\ClaimProtectionHandler.java:36: Fehler: Klasse ClaimProtectionInteractionHandler ist ├Âffentlich und muss in einer Datei namens ClaimProtectionInteractionHandler.java deklariert werden
  public class ClaimProtectionInteractionHandler {
         ^
  100 Fehler

* Try:
> Check your code and dependencies to fix the compilation error(s)
> Run with --scan to get full insights from a Build Scan (powered by Develocity).

BUILD FAILED in 23s
